 This output is generated by fleur.26b  * * 
                                     * \:/ *
                                     *  |  *
                                       * *  
 
 No system architecture specified in Makefile
You compiled for GEN with DOUBLE precision,
for systems without INVERSION and with SOC.
 Additional flags are: CPP_MPI  CPP_HDF  CPP_F90  CPP_WANN 
 Your parameters: 
  No fl7para-file found, 
  invoking dimen7... 
 No kpts-file exists, trying to generate it
 No kpts-file exists, trying to generate it
 -------- dump of inp-file ------------
strho=F,film=F,dos=F,isec1=99,ndir= 0,secvar=F
bcc Fe                                                                          
any any ,invs=T,zrfs=F,invs2=F,jspins=2,l_noco=F,l_J=F,ms=F,sgwf=F,socgwf=F
    -2.67728003     2.67728003     2.67728003
     2.67728003    -2.67728003     2.67728003
     2.67728003     2.67728003    -2.67728003    -2.67728003     1.00000000
pbe    non-relativi
igrd=1,lwb=F,ndvgrd=6,idsprs=0,chng=-0.100D-11
    
  1
**********************************
Fe  26    4   12  981  2.260000  0.016000
    
 1,force =T,nlo= 2,llo=  0  1
  0.000000  0.000000  0.000000  4.000000
**********************************
 15.000000 12.500000
vchk=F,cdinf=F,pot8=F,gw=0,numbands=  0
lpr=0,form66=F,l_f=F,eonly=F,eig66=F,soc66=T
  8
  1  0
Window # 1
  -1.80000   1.00000  16.00000
   5.20000 =kmax
gauss=F   0.00100tria=F
  0.000000  0.000000,l_soc=T,spav=F,off=F
frcor=F,slice=F,ctail=T,disp=F,kcrel=0,u2f=F,f2u=F,bmt=F
itmax= 9,maxiter= 99,imix= 7,alpha=  0.05,spinf=  2.00
swsp=F  2.20
lflip=F  1
vacdos=F,layers= 0,integ=F,star=F,nstars= 0     0.00     0.00     0.00     0.00,nstm=0,tworkf=  0.000000

iplot=F,score=F,plpot=F,band=F
  0  0.000000  0.000000,nnne=  0,pallst=F
xa=   2.00000,thetad= 330.00000,epsdisp=   0.00001,epsforce=   0.00001
relax 111
emin_dos=  -0.50000,emax_dos=   0.50000,sig_dos=   0.01500

   1 : E  
       1  0  0    0.0
       0  1  0    0.0
       0  0  1    0.0

   2 : c_2
       0  1 -1    0.0
       1  0 -1    0.0
       0  0 -1    0.0

   3 : I  
      -1  0  0    0.0
       0 -1  0    0.0
       0  0 -1    0.0

   4 : c_4
       0  1  0    0.0
       0  1 -1    0.0
      -1  1  0    0.0

   5 : c_4
       1  0 -1    0.0
       1  0  0    0.0
       1 -1  0    0.0

   6 : m  
      -1  0  1    0.0
      -1  0  0    0.0
      -1  1  0    0.0

   7 : m  
       0 -1  0    0.0
       0 -1  1    0.0
       1 -1  0    0.0

   8 : m  
       0 -1  1    0.0
      -1  0  1    0.0
       0  0  1    0.0


 Local symmetries:
 -----------------
   symmetry kinds =   1

   symmetry  1:   8 operations in local point group
        atoms:
             1
 gmax= 15.000000
 n3d=    577
 n2d=      2
 k1d=     11
 k2d=     11
 k3d=     11

 minimum: kxc1d,kxc2d,kxc3d          22          22          22
 ifft235: kxc1d,kxc2d,kxc3d          24          24          24



  the irreducible wedge of the first brillouin zone has :  
         8     corner points   
        13     edges           
         7     faces           


    corner points in carthesian units 
   0.58671   0.58671   0.58671
   1.17343   0.00000   0.00000
   0.25570   0.91773   0.00000
   0.25570   0.91773   0.25570
   0.00000   0.00000   1.17343
   0.91773  -0.25570   0.25570
   0.91773  -0.25570   0.00000
   0.00000  -0.00000   0.00000

 values accepted unchanged
   16   16   16              nmop(i),i=1,3
 orientation of boundary faces
    1    -1  -0.6461920          ifac,iside,orient for xvec
    2    -1  -0.6750441          ifac,iside,orient for xvec
    3    -1  -0.0528228          ifac,iside,orient for xvec
    4    -1  -0.1347302          ifac,iside,orient for xvec
    5    -1  -0.7261833          ifac,iside,orient for xvec
    6    -1  -0.1347302          ifac,iside,orient for xvec
    7    -1  -0.7785990          ifac,iside,orient for xvec
Bravais lattice vectors
                                            -2.677280  2.677280  2.677280
                                             2.677280 -2.677280  2.677280
                                             2.677280  2.677280 -2.677280
reciprocal lattice vectors
                                             0.000000  1.173427  1.173427
                                             1.173427  0.000000  1.173427
                                             1.173427  1.173427  0.000000
   16   16   16           Monkhorst-Pack-parameters
    0          nreg; k-points in irreducible wedge of BZ
 Monkhorst-Pack-fractions
    0          nbound; no k-points  on boundary of BZ
        1     idim
          -0.4687500
          -0.4062500
          -0.3437500
          -0.2812500
          -0.2187500
          -0.1562500
          -0.0937500
          -0.0312500
           0.0312500
           0.0937500
           0.1562500
           0.2187500
           0.2812500
           0.3437500
           0.4062500
           0.4687500
        2     idim
          -0.4687500
          -0.4062500
          -0.3437500
          -0.2812500
          -0.2187500
          -0.1562500
          -0.0937500
          -0.0312500
           0.0312500
           0.0937500
           0.1562500
           0.2187500
           0.2812500
           0.3437500
           0.4062500
           0.4687500
        3     idim
          -0.4687500
          -0.4062500
          -0.3437500
          -0.2812500
          -0.2187500
          -0.1562500
          -0.0937500
          -0.0312500
           0.0312500
           0.0937500
           0.1562500
           0.2187500
           0.2812500
           0.3437500
           0.4062500
           0.4687500
 -----------fl7para file starts here-----------
      Symmetry elements and FFT parameters 
      parameter (nop = 8,k1d= 11,k2d= 11,k3d= 11,n3d=   577,n2d=   2)
      FFT-parameters for charge density
      parameter (kq1d= 16,kq2d= 16,kq3d= 16)
      FFT-parameters for XC-potential
      parameter (kxc1d= 24,kxc2d= 24,kxc3d= 24)
      (Inequivalent) atoms and radial mesh
      parameter (ntypd=  1,natd=  1,jmtd= 981)
      Different lattice harmonics components
      parameter (ntypsd=  1,nlhd= 24,memd= 2)
      L-cutoff of potential, charge & wf 
      parameter (lmaxd=12)
      Number of spins and vacua
      parameter (jspd=2,nvacd=1)
      Vacuum layers for G=0 and G=/=0
      parameter (nmzd=250,nmzxyd=100)
      3 & 2D planewaves, windows, k-points
      parameter (nvd=  191,nv2d=  37,nwdd=1,nkptd=  552)
      Number of (occupied) bands
      parameter (nobd=  26,neigd=  26)
      Nuclear mesh and core levels
      parameter (msh=1124,nstd=30)
      Max. l-value for pseudocharge exp.
      parameter (ncvd= 26)
      Layers for vacuum DOS
      parameter(layerd=  1)
      Local Orbital Parameters
      parameter (nlod=  2,llod=  1)
      One-dimensional parameters
      parameter (vM=  0,MM=  0,m_cyl=  0,chi=  0,rot=  0,nop=  8,n2d=     2,d1=F)
 -----------fl7para file ends here-----------
1   f l a p w  version fleur.26b




    bcc Fe                                                                          


 lattice=any
 name of space group=any 
 inversion symmetry=   T
 z-reflection symmetry=F
 vacuum-inversion symm=F
 jspins=2
 unit cell scaled by      1.000000
 the vacuum begins at z= -1.338640
 dtilda/2=               -1.338640


 bravais matrices of real and reciprocal lattices

    -2.67728003000000  2.67728003000000  2.67728003000000
     2.67728003000000 -2.67728003000000  2.67728003000000
     2.67728003000000  2.67728003000000 -2.67728003000000
     0.00000000000000  1.17342699246511  1.17342699246511
     1.17342699246511  0.00000000000000  1.17342699246511
     1.17342699246511  1.17342699246511  0.00000000000000

    the volume of the unit cell omega-tilda=   76.761135
          the volume of the unit cell omega=   76.761135
  the area of the two-dimensional unit cell=    1.000000
 exchange-correlation: pbe   non-relativi correction
igrd=1,lwb=F,ndvgrd=6,idsprs=0,chng=-0.100D-11


Fe  26    4   12  981  2.260000  0.016000
  0.000000  0.000000  0.000000  4.000000
 ----------------------------------------------------
 Suggested values for input: 
 
Atom Z  lmax jri    rmt         dx
Fe  26    8  747  2.260628  0.016280
k_max = 3.53884
G_max =10.61652
 ----------------------------------------------------
              volume of interstitial region=   28.409192


 number of atom types=  1
 total number of atoms= 1

  no.    type       int.-coord.                 cart.coord.                rmt     jri     dx    lmax

   1    Fe   1    0.00  0.00  0.00     0.000000  0.000000  0.000000     2.260000   981   0.0160   12



 input of parameters for eigenvalues:
    eigenvectors are not printed
    formatted eigenvector file = F
    calculate Pulay-forces = F
    eigenvalues only = F
    number of energy windows = 1
    energy parameter mode: absolute


    max. l value in wavefunctions for atom type(s) 1 to  1:  8


 energy window  1 of  1 from  -1.800 to   1.000 hartrees; nr. of electrons=  16.0

 wavefunction cutoff (relative) =   5.20000
                     (absolute) =   5.20000

          gauss-integration is used  =   F
          gaussian half width        =   0.00100

          number of valence electrons=  16.00000
          temperature broadening     =   0.00100
 itmax=           9  broy_sv=          99  imix=           7
 alpha=  5.000000000000000E-002  spinf=   2.00000000000000     
swsp = F
  2.20
the number of local orbitals for this atom type is:  2
the corresponding values of l are:  0 1

   1 : E  
       1  0  0    0.0
       0  1  0    0.0
       0  0  1    0.0

   2 : c_2
       0  1 -1    0.0
       1  0 -1    0.0
       0  0 -1    0.0

   3 : I  
      -1  0  0    0.0
       0 -1  0    0.0
       0  0 -1    0.0

   4 : c_4
       0  1  0    0.0
       0  1 -1    0.0
      -1  1  0    0.0

   5 : c_4
       1  0 -1    0.0
       1  0  0    0.0
       1 -1  0    0.0

   6 : m  
      -1  0  1    0.0
      -1  0  0    0.0
      -1  1  0    0.0

   7 : m  
       0 -1  0    0.0
       0 -1  1    0.0
       1 -1  0    0.0

   8 : m  
       0 -1  1    0.0
      -1  0  1    0.0
       0  0  1    0.0


 Local symmetries:
 -----------------
   symmetry kinds =   1

   symmetry  1:   8 operations in local point group
        atoms:
             1

 --- Local symmetry  1:  25 lattice harmonics ------------------------------

     lattice harmonic   1:  l= 0,  1 members:
         0    1.00000000    0.00000000

     lattice harmonic   2:  l= 2,  1 members:
         0    1.00000000    0.00000000

     lattice harmonic   3:  l= 4,  1 members:
         0    1.00000000    0.00000000

     lattice harmonic   4:  l= 4,  2 members:
         4    0.70710678    0.00000000        -4    0.70710678    0.00000000

     lattice harmonic   5:  l= 4,  2 members:
         4    0.00000000   -0.70710678        -4    0.00000000    0.70710678

     lattice harmonic   6:  l= 6,  1 members:
         0    1.00000000    0.00000000

     lattice harmonic   7:  l= 6,  2 members:
         4    0.70710678    0.00000000        -4    0.70710678    0.00000000

     lattice harmonic   8:  l= 6,  2 members:
         4    0.00000000   -0.70710678        -4    0.00000000    0.70710678

     lattice harmonic   9:  l= 8,  1 members:
         0    1.00000000    0.00000000

     lattice harmonic  10:  l= 8,  2 members:
         4    0.70710678    0.00000000        -4    0.70710678    0.00000000

     lattice harmonic  11:  l= 8,  2 members:
         8    0.70710678    0.00000000        -8    0.70710678    0.00000000

     lattice harmonic  12:  l= 8,  2 members:
         4    0.00000000   -0.70710678        -4    0.00000000    0.70710678

     lattice harmonic  13:  l= 8,  2 members:
         8    0.00000000   -0.70710678        -8    0.00000000    0.70710678

     lattice harmonic  14:  l=10,  1 members:
         0    1.00000000    0.00000000

     lattice harmonic  15:  l=10,  2 members:
         4    0.70710678    0.00000000        -4    0.70710678    0.00000000

     lattice harmonic  16:  l=10,  2 members:
         8    0.70710678    0.00000000        -8    0.70710678    0.00000000

     lattice harmonic  17:  l=10,  2 members:
         4    0.00000000   -0.70710678        -4    0.00000000    0.70710678

     lattice harmonic  18:  l=10,  2 members:
         8    0.00000000   -0.70710678        -8    0.00000000    0.70710678

     lattice harmonic  19:  l=12,  1 members:
         0    1.00000000    0.00000000

     lattice harmonic  20:  l=12,  2 members:
         4    0.70710678    0.00000000        -4    0.70710678    0.00000000

     lattice harmonic  21:  l=12,  2 members:
         8    0.70710678    0.00000000        -8    0.70710678    0.00000000

     lattice harmonic  22:  l=12,  2 members:
        12    0.70710678    0.00000000       -12    0.70710678    0.00000000

     lattice harmonic  23:  l=12,  2 members:
         4    0.00000000   -0.70710678        -4    0.00000000    0.70710678

     lattice harmonic  24:  l=12,  2 members:
         8    0.00000000   -0.70710678        -8    0.00000000    0.70710678

     lattice harmonic  25:  l=12,  2 members:
        12    0.00000000   -0.70710678       -12    0.00000000    0.70710678


     group operations on equivalent atoms:
     atom  1 can be mapped into atom  1 through group  operation   1


 multiplication table


   1  2  3  4  5  6  7  8
   2  1  8  5  4  7  6  3
   3  8  1  7  6  5  4  2
   4  5  7  2  1  3  8  6
   5  4  6  1  2  8  3  7
   6  7  5  3  8  2  1  4
   7  6  4  8  3  1  2  5
   8  3  2  6  7  4  5  1


 inverse operations


   1  1
   2  2
   3  3
   4  5
   5  4
   6  7
   7  6
   8  8

 old gmax    =  15.00000(a.u.)**(-1) ==>  new gmax    =  14.93529(a.u.)**(-1) 
                                     ==>  new E_cut   =



   s t a r   l i s t

 gmax= 14.935287
 nq3=    577
 izmin=    0
 izmax=   -1
 nk1=     23
 nk2=     23
 nk3=     23

 mx1,mx2,mx3= 11 11 11
 kimax2,kimax=      0   4320, (start from 0)

    no.     kv3         sk3       nstr

     1   0   0   0    0.000000     1
     2   1  -1   0    1.659476     4
     3   1   0   0    1.659476     8
     4   1   1  -1    2.346854     2
     5   1  -1   1    2.346854     4
     6   2  -1  -1    2.874297     8
     7   2   0  -1    2.874297     8
     8   2  -1   0    2.874297     8
     9   2  -2   0    3.318953     4
    10   2   0   0    3.318953     8
    40   4   0  -3    5.983327     8
    70   5  -2  -3    7.233490     8
   100   6  -1  -3    8.297382     8
   130   6  -4   0    8.781124     8
   160   6  -2   1    9.532966     8
   190   7  -4   0   10.094201     8
   220   7  -5   1   10.754636     8
   250   8  -4  -1   11.132106     8
   280   8  -5   0   11.616335     8
   310   8   1  -4   12.081170     8
   340   8   0  -7   12.528772     8
   370   8  -4  -6   12.854249     8
   400   8  -7  -3   13.171685     8
   430   9   1  -6   13.583399     8
   460  10  -5  -3   13.784646     8
   490   7   5  -6   14.178572     8
   520   9  -8  -2   14.371487     8
   550  10  -3  -7   14.749749     8
   577   9  -6   3   14.935287     8
 gmaxxc should be: 2*kmax <= gmaxxc <= gmax 
 gmaxxc = 12.500000


          convergence parameters for the pseudocharge density expansion
          atom     parameter     max. l to include

            1          26              25
          max values allowed: ncvd= 26, l= 25

 neq=            1   ncore=    10.0000000000000     
 zelec=     16.0000000000000     


 parameters for external electric field:
   total electronic charge   =    26.00000
   total nuclear charge      =    26.00000



 superposition of atomic densities

 original atomic densities:

 subroutine atom2 entered
it,dist,p=   1     0.53232     0.20000
it,dist,p=   2     0.26478     0.20000
it,dist,p=   3     0.17130     0.20000
it,dist,p=   4     0.12659     0.20000
it,dist,p=   5     0.09890     0.20000
it,dist,p=   6     0.07890     0.20000
it,dist,p=   7     0.06310     0.20000
it,dist,p=   8     0.05015     0.20000
it,dist,p=   9     0.03947     0.20000
it,dist,p=  10     0.03074     0.20000
it,dist,p=  11     0.02373     0.20000
it,dist,p=  12     0.01819     0.20000
it,dist,p=  13     0.01388     0.20000
it,dist,p=  14     0.01059     0.20000
it,dist,p=  15     0.00809     0.20000
it,dist,p=  16     0.00619     0.20000
it,dist,p=  17     0.00476     0.20000
it,dist,p=  18     0.00368     0.20000
it,dist,p=  19     0.00287     0.20000
it,dist,p=  20     0.00225     0.20000
it,dist,p=  21     0.00177     0.20000
it,dist,p=  22     0.00140     0.20000
it,dist,p=  23     0.00111     0.20000
it,dist,p=  24     0.00089     0.20000


   converged in  25 iterations to a distance of 0.70796E-03 har

   n  kappa  l    j       occ.   eigenvalue (har)  <r>  

spin No. 1
   1   -1    0   0.5      1.00  -257.109336    0.058457
   2   -1    0   0.5      1.00   -30.090209    0.266748
   2    1    1   0.5      1.00   -25.947913    0.233417
   2   -2    1   1.5      2.00   -25.489077    0.236460
   3   -1    0   0.5      1.00    -3.483927    0.809935
   3    1    1   0.5      1.00    -2.272619    0.850329
   3   -2    1   1.5      2.00    -2.215903    0.859651
   3    2    2   1.5      2.10    -0.299201    1.119996
   3   -3    2   2.5      2.00    -0.293578    1.126365
   4   -1    0   0.5      1.00    -0.190397    2.854580

 reference energy =   -13.556957
spin No. 2
   1   -1    0   0.5      1.00  -257.109511    0.058457
   2   -1    0   0.5      1.00   -30.054215    0.266548
   2    1    1   0.5      1.00   -25.921087    0.233199
   2   -2    1   1.5      2.00   -25.461484    0.236235
   3   -1    0   0.5      1.00    -3.401527    0.810498
   3    1    1   0.5      1.00    -2.190673    0.851891
   3   -2    1   1.5      2.00    -2.134213    0.861334
   3    2    2   1.5      1.90    -0.225817    1.173789
   3   -3    2   2.5      0.00    -0.220424    1.181905
   4   -1    0   0.5      1.00    -0.179757    2.928240

 reference energy =   -13.446640


 atom: Fe


          alpha=   0.39811     acoff=   0.10333

          alpha=   0.32754     acoff=   0.05423

          total charge for spin  1=   14.100000
          interst. charge =       0.596629
          mt charge=             13.503371

          total charge for spin  2=   11.900000
          interst. charge =       0.521497
          mt charge=             11.378502

          total charge  =   26.000000

          zc=    26.000000     qfix=    1.000000

          total charge for spin  1=   14.100000
          interst. charge =       0.596629
          mt charge=             13.503371

          total charge for spin  2=   11.900000
          interst. charge =       0.521497
          mt charge=             11.378503

          total charge  =   26.000000
 wrtdop title:bcc Fe                                                                  ordered*
spin No. 1

    int.-m.t. boundary (density): atom type= 1
         int-coord                 cart-coord            inter.       m. t. 
    0.488  -0.017   0.292    -0.570   2.134   0.477      0.022970    0.022971
    0.105  -0.016  -0.446    -1.516  -0.871   1.431      0.026388    0.026391
   -0.497  -0.301  -0.001     0.523  -0.527  -2.135      0.022976    0.022976
    0.091  -0.039   0.492     0.971   1.665  -1.180      0.026339    0.026353
    0.069  -0.447  -0.294    -2.169   0.593  -0.226      0.022763    0.022768
   -0.264   0.133  -0.402    -0.013  -2.139   0.728      0.022776    0.022783
    0.385   0.587   0.344     1.461   0.380   1.682      0.024104    0.024100
   -0.149  -0.467   0.088    -0.615   1.087  -1.884      0.024352    0.024346

          average value =   0.024137
          rms,dmx=  0.022  0.079 per cent
spin No. 2

    int.-m.t. boundary (density): atom type= 1
         int-coord                 cart-coord            inter.       m. t. 
    0.488  -0.017   0.292    -0.570   2.134   0.477      0.019387    0.019388
    0.105  -0.016  -0.446    -1.516  -0.871   1.431      0.021453    0.021454
   -0.497  -0.301  -0.001     0.523  -0.527  -2.135      0.019391    0.019391
    0.091  -0.039   0.492     0.971   1.665  -1.180      0.021421    0.021431
    0.069  -0.447  -0.294    -2.169   0.593  -0.226      0.019250    0.019252
   -0.264   0.133  -0.402    -0.013  -2.139   0.728      0.019265    0.019269
    0.385   0.587   0.344     1.461   0.380   1.682      0.020116    0.020114
   -0.149  -0.467   0.088    -0.615   1.087  -1.884      0.020257    0.020252

          average value =   0.020107
          rms,dmx=  0.017  0.055 per cent
